// Jest Snapshot v1, https://goo.gl/fbAQLP

exports[`Pruebas en <GifGrid /> debe de mostrar item cuando se cargan im√°genes useFecthGifs 1`] = `
<Fragment>
  <h3>
    Colombia
  </h3>
  <div
    className="card-grid"
  >
    <GifGridItem
      id={123}
      key="123"
      title="stef"
      url="http:localhost:3000/stef"
    />
  </div>
</Fragment>
`;

exports[`Pruebas en <GifGrid /> debe mostrar el componente correctamente 1`] = `
<Fragment>
  <h3>
    Colombia
  </h3>
  <p
    className="animate__animated animate__flash"
  >
    Loading...
  </p>
  <div
    className="card-grid"
  />
</Fragment>
`;
